================================================================================
                        SYMBOL TABLE REPORT
================================================================================

========================================
SCOPE: global (Level 0)
========================================

Name                 Kind         Type         Visibility   Line       Details
--------------------------------------------------------------------------------
Matrix               class        Matrix       -            3          
init                 function     void         -            11         
main                 function     integer      -            23         

========================================
SCOPE: Matrix (Level 1)
========================================

Name                 Kind         Type         Visibility   Line       Details
--------------------------------------------------------------------------------
init                 function     void         -            7          
data                 variable     integer      -            4          
rows                 variable     integer      -            5          

========================================
SCOPE: init (Level 2)
========================================

Name                 Kind         Type         Visibility   Line       Details
--------------------------------------------------------------------------------
(empty scope)

========================================
SCOPE: init (Level 1)
========================================

Name                 Kind         Type         Visibility   Line       Details
--------------------------------------------------------------------------------
i                    variable     integer      -            12         

========================================
SCOPE: main (Level 1)
========================================

Name                 Kind         Type         Visibility   Line       Details
--------------------------------------------------------------------------------
m                    variable     Matrix       -            24         
